// Jest Snapshot v1, https://goo.gl/fbAQLP

exports[`Hello Worldコンポーネントのスナップショットテスト 1`] = `null`;
